---
source: crates/fontina-cli/src/ui/mod.rs
assertion_line: 3245
expression: drawn
---
┌ 6 faces ───────────────┐┌ 5 families ──────────────────────────────────┐┌ Details ───────────────────────────────────┐
│Weight                  ││Amiri                                   1     ││Amiri Regular                               │
│  200 ExtraLight      1 ││Bricolage Grotesque                     1 V   ││style     weight 400 · width 100% · normal  │
│  300 Light           1 ││Inter                                   2     ││glyphs    6710 · 1699 codepoints · Arab Latn│
│  400 Regular         6 ││Nabla                                   1 VC  ││Zyyy Zinh                                   │
│  500 Medium  ┌────────────────────────────────────────────────────────────────────────────────────────┐nit liga locl │
│  600 SemiBold│fontina ui                                                                              │              │
│  700 Bold    │                                                                                        │              │
│  800 ExtraBol│ Move        j/k ↑/↓ PgUp/PgDn g/G        Tab cycles facets, list, controls             │              │
│Width         │ Filter      / type to search  Esc clears   Enter/Space toggles a facet   x clears all  │              │
│  75% Condense│ Families    Enter opens a family, Backspace/Esc closes it                              │              │
│  87.5% SemiCo│ Organise    t tag the selection   c add it to a collection                             │-Regular.ttf  │
│  100% Normal │ Activate    a for the user, A until logout, i install a copy, d deactivate, u uninstall│              │
│Style         │ Preview     e sets the sample text   + / - change the size                             │              │
│  upright     │ Controls    h/l ←/→ move an axis (H/L by ten)   Space toggles a feature                │              │
│Variable      │             n/p step through named instances   0 resets everything                     │s             │
│  variable    │ Glyphs      m opens the glyph map: h/l pick a block, j/k scroll, / finds a             │              │
│Color         │             codepoint (U+0041, 0x41, 41) or a block by name                            │              │
│  color       │ Sheets      w waterfalls the face down the size ladder; C compares every face          │              │
│Spacing       │             the selection stands for; P sets every family in its own face, which       │              │
│  proportional│             is the one view that answers what a typeface looks like without            │              │
│Script        │             opening it. j/k scroll, +/- resize                                         │              │
│  Latn        │ Specimen    s writes an HTML specimen for the selection and opens it in your           │              │
│  Arab        │             browser, for the things a terminal cannot show honestly                    │              │
│  Zyyy        │ Index       R rescans every source (fontina scan --prune)                              │              │
│  Cyrl        │ Quit        q                                                                          │              │
│  Zinh        │                                                                                        │              │
│  Grek        │ The status line shows the CLI command for what you see. Everything here is a command.  │              │
│Language      │                                                                                        │              │
│  en          │ any key to close                                                                       │              │
│  CAT         └────────────────────────────────────────────────────────────────────────────────────────┘              │
│  TRK                 3 ││                                              ││                                            │
│  AZE                 2 ││                                              ││                                            │
└────────────────────────┘└──────────────────────────────────────────────┘└────────────────────────────────────────────┘
 $ fontina families
 / search  ⇥ facets  ⏎ open  ⌫ back  t tag  c collection  a/A activate  d deactivate  i install  u uninstall  e text  +/
