---
source: crates/fontina-cli/src/ui/mod.rs
expression: drawn
---
┌ specimen — 5 families at 28 px, +/- to resize — e sets the text, Esc closes ─────────────────────────────────────────┐
│Amiri  OFL-1.1                                                                                                        │
│                                                                                                                      │
│                                                                                                                      │
│                                                                                                                      │
│                                                                                                                      │
│                                                                                                                      │
│                                                                                                                      │
│                                                                                                                      │
│        ▀▀▀                               ▀▀▀               ▀▀▀                                                       │
│       ▀▀▀▀▀                              ▀▀▀              ▀▀▀▀                                                       │
│       ▀▀▀▀▀▀                                                                                                         │
│      ▀▀ ▀▀▀▀      ▀▀▀▀▀▀▀▀▀▀▀ ▀▀▀▀▀▀   ▀▀▀▀▀   ▀▀▀▀▀▀▀▀▀▀▀▀▀▀▀                                                       │
│     ▀▀▀  ▀▀▀▀     ▀▀▀▀▀▀▀▀▀▀▀▀▀▀▀▀▀▀▀  ▀▀▀▀▀   ▀▀▀▀▀▀▀▀▀▀▀▀▀▀▀                                                       │
│    ▀▀▀▀▀▀▀▀▀▀▀      ▀▀▀    ▀▀▀    ▀▀▀    ▀▀▀    ▀▀▀▀       ▀▀▀                                                       │
│   ▀▀▀      ▀▀▀▀     ▀▀▀    ▀▀▀    ▀▀▀    ▀▀▀    ▀▀▀▀       ▀▀▀                                                       │
│   ▀▀       ▀▀▀▀     ▀▀▀    ▀▀▀    ▀▀▀    ▀▀▀    ▀▀▀▀       ▀▀▀                                                       │
│▀▀▀▀▀▀▀     ▀▀▀▀▀▀▀▀▀▀▀▀▀ ▀▀▀▀▀▀▀▀▀▀▀▀▀▀▀▀▀▀▀▀▀ ▀▀▀▀▀▀▀   ▀▀▀▀▀▀▀                                                     │
│▀▀▀▀▀▀▀     ▀▀▀▀▀▀▀▀▀▀▀▀▀ ▀▀▀▀▀▀▀▀▀▀▀▀▀▀▀▀▀▀▀▀▀ ▀▀▀▀▀▀▀   ▀▀▀▀▀▀▀                                                     │
│                                                                                                                      │
│                                                                                                                      │
│                                                                                                                      │
│                                                                                                                      │
│                                                                                                                      │
│                                                                                                                      │
│                                                                                                                      │
│                                                                                                                      │
│                                                                                                                      │
│                                                                                                                      │
│Bricolage Grotesque  OFL-1.1                                                                                          │
│                                                                                                                      │
│                                                                                                                      │
│                                                                                                                      │
└──────────────────────────────────────────────────────────────────────────────────────────────────────────────────────┘
 specimen — 5 families at 28 px, +/- to resize   (fontina specimen 1 2 5 3 4)
 / search  ⇥ facets  ⏎ open  ⌫ back  t tag  c collection  a/A activate  d deactivate  i install  u uninstall  e text  +/
